<one-fish></one-fish>
<two-fish></two-fish>
<not-a-fish></not-a-fish>
